.\mvnw.cmd : WARNING: A restricted method in java.lang.System has been called
At line:1 char:34
+ ... KSPACE\btl\Baitaplon'; .\mvnw.cmd test 2>&1 > test-result.txt; Select ...
+                            ~~~~~~~~~~~~~~~~~~~~~~~~~~~~~~~~~~~~~~
    + CategoryInfo          : NotSpecified: (WARNING: A rest...has been called 
   :String) [], RemoteException
    + FullyQualifiedErrorId : NativeCommandError
 
WARNING: java.lang.System::load has been called by 
org.fusesource.jansi.internal.JansiLoader in an unnamed module (file:/C:/Users/
namev/.m2/wrapper/dists/apache-maven-3.8.5-bin/5i5jha092a3i37g0paqnfr15e0/apach
e-maven-3.8.5/lib/jansi-2.4.0.jar)
WARNING: Use --enable-native-access=ALL-UNNAMED to avoid a warning for callers 
in this module
WARNING: Restricted methods will be blocked in a future release unless native 
access is enabled

WARNING: A terminally deprecated method in sun.misc.Unsafe has been called
WARNING: sun.misc.Unsafe::objectFieldOffset has been called by 
com.google.common.util.concurrent.AbstractFuture$UnsafeAtomicHelper (file:/C:/U
sers/namev/.m2/wrapper/dists/apache-maven-3.8.5-bin/5i5jha092a3i37g0paqnfr15e0/
apache-maven-3.8.5/lib/guava-25.1-android.jar)
WARNING: Please consider reporting this to the maintainers of class 
com.google.common.util.concurrent.AbstractFuture$UnsafeAtomicHelper
WARNING: sun.misc.Unsafe::objectFieldOffset will be removed in a future release
[INFO] Scanning for projects...
[INFO] 
[INFO] -------------------------< com.example:BTL_N3 >-------------------------
[INFO] Building BTL_N3 1.0-SNAPSHOT
[INFO] --------------------------------[ jar ]---------------------------------
[INFO] 
[INFO] --- maven-resources-plugin:2.6:resources (default-resources) @ BTL_N3 ---
[INFO] Using 'UTF-8' encoding to copy filtered resources.
[INFO] Copying 7 resources
[INFO] 
[INFO] --- maven-compiler-plugin:3.13.0:compile (default-compile) @ BTL_N3 ---
[INFO] Nothing to compile - all classes are up to date.
[INFO] 
[INFO] --- maven-resources-plugin:2.6:testResources (default-testResources) @ BTL_N3 ---
[INFO] Using 'UTF-8' encoding to copy filtered resources.
[INFO] skip non existing resourceDirectory D:\WORKSPACE\btl\Baitaplon\src\test\resources
[INFO] 
[INFO] --- maven-compiler-plugin:3.13.0:testCompile (default-testCompile) @ BTL_N3 ---
[INFO] Nothing to compile - all classes are up to date.
[INFO] 
[INFO] --- maven-surefire-plugin:3.5.2:test (default-test) @ BTL_N3 ---
[INFO] Using auto detected provider org.apache.maven.surefire.junitplatform.JUnitPlatformProvider
[INFO] 
[INFO] -------------------------------------------------------
[INFO]  T E S T S
[INFO] -------------------------------------------------------
[INFO] Running server.manager.AutoBidAgentTest
[INFO] Tests run: 22, Failures: 0, Errors: 0, Skipped: 0, Time elapsed: 0.172 s -- in server.manager.AutoBidAgentTest
[INFO] Running server.manager.AutoBidManagerTest
AutoBid: ÄĂ£ Ä‘Äƒng kĂ½ agent 1 cho bidder 100 | auction 10 | maxBid=1000.0 | increment=50.0
AutoBid: ÄĂ£ há»§y agent 1
AutoBid: ÄĂ£ Ä‘Äƒng kĂ½ agent 2 cho bidder 100 | auction 10 | maxBid=1000.0 | increment=50.0
AutoBid: ÄĂ£ Ä‘Äƒng kĂ½ agent 3 cho bidder 100 | auction 10 | maxBid=1000.0 | increment=0.001
AutoBid: ÄĂ£ Ä‘Äƒng kĂ½ agent 4 cho bidder 100 | auction 10 | maxBid=1000.0 | increment=50.0
AutoBid: ÄĂ£ Ä‘Äƒng kĂ½ agent 5 cho bidder 100 | auction 10 | maxBid=1200.0 | increment=50.0
AutoBid: ÄĂ£ Ä‘Äƒng kĂ½ agent 6 cho bidder 9200 | auction 9110 | maxBid=1000.0 | increment=50.0
AutoBid: ÄĂ£ há»§y agent 6
AutoBid: ÄĂ£ Ä‘Äƒng kĂ½ agent 7 cho bidder 100 | auction 10 | maxBid=1.0E9 | increment=50.0
AutoBid: ÄĂ£ Ä‘Äƒng kĂ½ agent 8 cho bidder 100 | auction 10 | maxBid=1000.0 | increment=50.0
AutoBid: ÄĂ£ Ä‘Äƒng kĂ½ agent 9 cho bidder 100 | auction 10 | maxBid=1000.0 | increment=0.01
AutoBid: ÄĂ£ Ä‘Äƒng kĂ½ agent 10 cho bidder 100 | auction 10 | maxBid=0.01 | increment=0.01
AutoBid: ÄĂ£ Ä‘Äƒng kĂ½ agent 11 cho bidder 100 | auction 10 | maxBid=1000.0 | increment=50.0
AutoBid: ÄĂ£ Ä‘Äƒng kĂ½ agent 12 cho bidder 100 | auction 10 | maxBid=1000.0 | increment=50.0
AutoBid: ÄĂ£ Ä‘Äƒng kĂ½ agent 13 cho bidder 101 | auction 10 | maxBid=900.0 | increment=50.0
AutoBid: ÄĂ£ Ä‘Äƒng kĂ½ agent 14 cho bidder 100 | auction 10 | maxBid=1000.0 | increment=50.0
AutoBid: ÄĂ£ Ä‘Äƒng kĂ½ agent 15 cho bidder 100 | auction 10 | maxBid=1000.0 | increment=50.0
AutoBid: ÄĂ£ Ä‘Äƒng kĂ½ agent 16 cho bidder 100 | auction 11 | maxBid=1000.0 | increment=50.0
AutoBid: ÄĂ£ Ä‘Äƒng kĂ½ agent 17 cho bidder 9100 | auction 9010 | maxBid=1000.0 | increment=50.0
AutoBid: ÄĂ£ Ä‘Äƒng kĂ½ agent 18 cho bidder 100 | auction 10 | maxBid=1000.0 | increment=50.0
AutoBid: ÄĂ£ há»§y agent 18
AutoBid: ÄĂ£ Ä‘Äƒng kĂ½ agent 19 cho bidder 100 | auction 10 | maxBid=500.0 | increment=50.0
AutoBid: ÄĂ£ Ä‘Äƒng kĂ½ agent 20 cho bidder 101 | auction 10 | maxBid=1500.0 | increment=50.0
AutoBid: ÄĂ£ Ä‘Äƒng kĂ½ agent 21 cho bidder 100 | auction 10 | maxBid=1000.0 | increment=50.0
AutoBid: ÄĂ£ Ä‘Äƒng kĂ½ agent 22 cho bidder 10100 | auction 10010 | maxBid=1000.0 | increment=50.0
AutoBid: ÄĂ£ há»§y agent 22
AutoBid: ÄĂ£ Ä‘Äƒng kĂ½ agent 23 cho bidder 100 | auction 10 | maxBid=1000.0 | increment=50.0
AutoBid: ÄĂ£ há»§y agent 23
AutoBid: ÄĂ£ Ä‘Äƒng kĂ½ agent 24 cho bidder 100 | auction 10 | maxBid=1000.0 | increment=50.0
AutoBid: ÄĂ£ Ä‘Äƒng kĂ½ agent 25 cho bidder 101 | auction 10 | maxBid=900.0 | increment=50.0
AutoBid: ÄĂ£ há»§y agent 24
AutoBid: ÄĂ£ Ä‘Äƒng kĂ½ agent 26 cho bidder 100 | auction 10 | maxBid=950.0 | increment=50.0
[INFO] Tests run: 29, Failures: 0, Errors: 0, Skipped: 0, Time elapsed: 0.117 s -- in server.manager.AutoBidManagerTest
[INFO] Running server.service.AuthServiceTest
Há»‡ thá»‘ng: diana Ä‘Ă£ Ä‘Äƒng nháº­p thĂ nh cĂ´ng.
Há»‡ thá»‘ng: diana Ä‘Ă£ Ä‘Äƒng xuáº¥t.
Há»‡ thá»‘ng: alice Ä‘Ă£ Ä‘Äƒng nháº­p thĂ nh cĂ´ng.
Há»‡ thá»‘ng: alice Ä‘Ă£ Ä‘Äƒng xuáº¥t.
[INFO] Tests run: 12, Failures: 0, Errors: 0, Skipped: 0, Time elapsed: 0.110 s -- in server.service.AuthServiceTest
[INFO] Running server.service.BidServiceTest
SĂ n giao dá»‹ch: ÄĂ£ thĂªm phiĂªn Ä‘áº¥u giĂ¡ ID: 10
[INFO] Tests run: 12, Failures: 0, Errors: 0, Skipped: 0, Time elapsed: 0.043 s -- in server.service.BidServiceTest
[INFO] Running server.service.ItemServiceTest
[INFO] Tests run: 15, Failures: 0, Errors: 0, Skipped: 0, Time elapsed: 0.041 s -- in server.service.ItemServiceTest
[INFO] 
[INFO] Results:
[INFO] 
[INFO] Tests run: 90, Failures: 0, Errors: 0, Skipped: 0
[INFO] 
[INFO] ------------------------------------------------------------------------
[INFO] BUILD SUCCESS
[INFO] ------------------------------------------------------------------------
[INFO] Total time:  3.227 s
[INFO] Finished at: 2026-05-15T22:08:46+07:00
[INFO] ------------------------------------------------------------------------
